------------------------------------------------------------
Timing Analyzer Summary
------------------------------------------------------------

Type  : Slow 1100mV 85C Model Setup 'clk'
Slack : -0.192
TNS   : -0.794

Type  : Slow 1100mV 85C Model Hold 'clk'
Slack : 0.317
TNS   : 0.000

Type  : Slow 1100mV 85C Model Recovery 'clk'
Slack : -0.469
TNS   : -2.798

Type  : Slow 1100mV 85C Model Removal 'clk'
Slack : 0.754
TNS   : 0.000

Type  : Slow 1100mV 85C Model Minimum Pulse Width 'clk'
Slack : -0.394
TNS   : -4.723

Type  : Slow 1100mV 0C Model Setup 'clk'
Slack : -0.227
TNS   : -0.916

Type  : Slow 1100mV 0C Model Hold 'clk'
Slack : 0.298
TNS   : 0.000

Type  : Slow 1100mV 0C Model Recovery 'clk'
Slack : -0.419
TNS   : -2.496

Type  : Slow 1100mV 0C Model Removal 'clk'
Slack : 0.702
TNS   : 0.000

Type  : Slow 1100mV 0C Model Minimum Pulse Width 'clk'
Slack : -0.394
TNS   : -5.131

Type  : Fast 1100mV 85C Model Setup 'clk'
Slack : 0.325
TNS   : 0.000

Type  : Fast 1100mV 85C Model Hold 'clk'
Slack : 0.185
TNS   : 0.000

Type  : Fast 1100mV 85C Model Recovery 'clk'
Slack : 0.168
TNS   : 0.000

Type  : Fast 1100mV 85C Model Removal 'clk'
Slack : 0.424
TNS   : 0.000

Type  : Fast 1100mV 85C Model Minimum Pulse Width 'clk'
Slack : -0.079
TNS   : -0.697

Type  : Fast 1100mV 0C Model Setup 'clk'
Slack : 0.349
TNS   : 0.000

Type  : Fast 1100mV 0C Model Hold 'clk'
Slack : 0.168
TNS   : 0.000

Type  : Fast 1100mV 0C Model Recovery 'clk'
Slack : 0.228
TNS   : 0.000

Type  : Fast 1100mV 0C Model Removal 'clk'
Slack : 0.385
TNS   : 0.000

Type  : Fast 1100mV 0C Model Minimum Pulse Width 'clk'
Slack : -0.078
TNS   : -0.694

------------------------------------------------------------
